// Jest Snapshot v1, https://goo.gl/fbAQLP

exports[`<Posts /> should MATCH snapshot 1`] = `
<div
  class="posts"
>
  <div
    class="post"
  >
    <img
      alt="titulo 1"
      src="img/img1.png"
    />
    <div
      class="post-content"
    >
      <h2>
        titulo 1
         
        1
      </h2>
      <p>
        Corpo 1
      </p>
    </div>
  </div>
  <div
    class="post"
  >
    <img
      alt="titulo 2"
      src="img/img2.png"
    />
    <div
      class="post-content"
    >
      <h2>
        titulo 2
         
        2
      </h2>
      <p>
        Corpo 2
      </p>
    </div>
  </div>
  <div
    class="post"
  >
    <img
      alt="titulo 3"
      src="img/img3.png"
    />
    <div
      class="post-content"
    >
      <h2>
        titulo 3
         
        3
      </h2>
      <p>
        Corpo 3
      </p>
    </div>
  </div>
</div>
`;
